// Jest Snapshot v1, https://goo.gl/fbAQLP

exports[`renderDirOutput: {}, depth=0 1`] = `"{}"`;

exports[`renderDirOutput: {}, depth=1 1`] = `"{}"`;

exports[`renderDirOutput: {v: {}}, depth=1 1`] = `
"{
  v: {},
}"
`;

exports[`renderDirOutput: {v: {}}, depth=2 1`] = `
"{
  v: {},
}"
`;
